
  .   ____          _            __ _ _
 /\\ / ___'_ __ _ _(_)_ __  __ _ \ \ \ \
( ( )\___ | '_ | '_| | '_ \/ _` | \ \ \ \
 \\/  ___)| |_)| | | | | || (_| |  ) ) ) )
  '  |____| .__|_| |_|_| |_\__, | / / / /
 =========|_|==============|___/=/_/_/_/

 :: Spring Boot ::                (v4.0.4)

2026-03-27T14:03:50.145-07:00  INFO 26733 --- [deepshield] [           main] c.deepshield.backend.BackendApplication  : Starting BackendApplication v0.0.1-SNAPSHOT using Java 17.0.18 with PID 26733 (/Users/akshaygoel/Desktop/java_project/deepshield/backend/target/backend-0.0.1-SNAPSHOT.jar started by akshaygoel in /Users/akshaygoel/Desktop/java_project/deepshield)
2026-03-27T14:03:50.166-07:00  INFO 26733 --- [deepshield] [           main] c.deepshield.backend.BackendApplication  : No active profile set, falling back to 1 default profile: "default"
2026-03-27T14:03:54.053-07:00  INFO 26733 --- [deepshield] [           main] .s.d.r.c.RepositoryConfigurationDelegate : Bootstrapping Spring Data JPA repositories in DEFAULT mode.
2026-03-27T14:03:54.266-07:00  INFO 26733 --- [deepshield] [           main] .s.d.r.c.RepositoryConfigurationDelegate : Finished Spring Data repository scanning in 163 ms. Found 1 JPA repository interface.
2026-03-27T14:03:56.045-07:00  INFO 26733 --- [deepshield] [           main] o.s.boot.tomcat.TomcatWebServer          : Tomcat initialized with port 8080 (http)
2026-03-27T14:03:56.122-07:00  INFO 26733 --- [deepshield] [           main] o.apache.catalina.core.StandardService   : Starting service [Tomcat]
2026-03-27T14:03:56.133-07:00  INFO 26733 --- [deepshield] [           main] o.apache.catalina.core.StandardEngine    : Starting Servlet engine: [Apache Tomcat/11.0.18]
2026-03-27T14:03:56.254-07:00  INFO 26733 --- [deepshield] [           main] b.w.c.s.WebApplicationContextInitializer : Root WebApplicationContext: initialization completed in 5847 ms
2026-03-27T14:03:57.002-07:00  INFO 26733 --- [deepshield] [           main] org.hibernate.orm.jpa                    : HHH008540: Processing PersistenceUnitInfo [name: default]
2026-03-27T14:03:57.281-07:00  INFO 26733 --- [deepshield] [           main] org.hibernate.orm.core                   : HHH000001: Hibernate ORM core version 7.2.7.Final
2026-03-27T14:03:59.408-07:00  INFO 26733 --- [deepshield] [           main] o.s.o.j.p.SpringPersistenceUnitInfo      : No LoadTimeWeaver setup: ignoring JPA class transformer
2026-03-27T14:03:59.523-07:00  INFO 26733 --- [deepshield] [           main] com.zaxxer.hikari.HikariDataSource       : HikariPool-1 - Starting...
2026-03-27T14:04:00.300-07:00  INFO 26733 --- [deepshield] [           main] com.zaxxer.hikari.pool.HikariPool        : HikariPool-1 - Added connection conn0: url=jdbc:h2:mem:deepshield user=SA
2026-03-27T14:04:00.318-07:00  INFO 26733 --- [deepshield] [           main] com.zaxxer.hikari.HikariDataSource       : HikariPool-1 - Start completed.
2026-03-27T14:04:00.597-07:00  INFO 26733 --- [deepshield] [           main] org.hibernate.orm.connections.pooling    : HHH10001005: Database info:
	Database JDBC URL [jdbc:h2:mem:deepshield]
	Database driver: H2 JDBC Driver
	Database dialect: H2Dialect
	Database version: 2.4.240
	Default catalog/schema: DEEPSHIELD/PUBLIC
	Autocommit mode: undefined/unknown
	Isolation level: READ_COMMITTED [default READ_COMMITTED]
	JDBC fetch size: 100
	Pool: DataSourceConnectionProvider
	Minimum pool size: undefined/unknown
	Maximum pool size: undefined/unknown
2026-03-27T14:04:04.404-07:00  INFO 26733 --- [deepshield] [           main] org.hibernate.orm.core                   : HHH000489: No JTA platform available (set 'hibernate.transaction.jta.platform' to enable JTA platform integration)
Hibernate: 
    create table scan_jobs (
        id bigint generated by default as identity,
        completed_at timestamp(6),
        confidence_score float(53),
        created_at timestamp(6) not null,
        explanation varchar(2000),
        heatmap_base64 CLOB,
        input_source varchar(255) not null,
        input_type enum ('IMAGE','URL','VIDEO') not null,
        local_file_path varchar(255),
        status enum ('ANALYZING','COMPLETE','DOWNLOADING','FAILED','PENDING','PROCESSING') not null,
        verdict enum ('LIKELY_FAKE','LIKELY_REAL','UNCERTAIN'),
        primary key (id)
    )
2026-03-27T14:04:04.924-07:00  INFO 26733 --- [deepshield] [           main] j.LocalContainerEntityManagerFactoryBean : Initialized JPA EntityManagerFactory for persistence unit 'default'
2026-03-27T14:04:05.434-07:00  INFO 26733 --- [deepshield] [           main] o.s.d.j.r.query.QueryEnhancerFactories   : Hibernate is in classpath; If applicable, HQL parser will be used.
2026-03-27T14:04:15.392-07:00  INFO 26733 --- [deepshield] [           main] c.d.b.service.FaceDetectionService       : Face detection classifier loaded successfully
2026-03-27T14:04:15.433-07:00  INFO 26733 --- [deepshield] [           main] c.d.b.service.DeepfakeClassifierService  : ML model loading is disabled (ml.enabled=false). Skipping model initialization.
2026-03-27T14:04:15.538-07:00  WARN 26733 --- [deepshield] [           main] JpaBaseConfiguration$JpaWebConfiguration : spring.jpa.open-in-view is enabled by default. Therefore, database queries may be performed during view rendering. Explicitly configure spring.jpa.open-in-view to disable this warning
2026-03-27T14:04:17.204-07:00  INFO 26733 --- [deepshield] [           main] o.s.b.h.a.H2ConsoleAutoConfiguration     : H2 console available at '/h2-console'. Database available at 'jdbc:h2:mem:deepshield'
2026-03-27T14:04:17.411-07:00  INFO 26733 --- [deepshield] [           main] o.s.boot.tomcat.TomcatWebServer          : Tomcat started on port 8080 (http) with context path '/'
2026-03-27T14:04:17.469-07:00  INFO 26733 --- [deepshield] [           main] c.deepshield.backend.BackendApplication  : Started BackendApplication in 30.742 seconds (process running for 35.36)
2026-03-27T14:05:39.650-07:00  INFO 26733 --- [deepshield] [nio-8080-exec-1] o.a.c.c.C.[Tomcat].[localhost].[/]       : Initializing Spring DispatcherServlet 'dispatcherServlet'
2026-03-27T14:05:39.651-07:00  INFO 26733 --- [deepshield] [nio-8080-exec-1] o.s.web.servlet.DispatcherServlet        : Initializing Servlet 'dispatcherServlet'
2026-03-27T14:05:39.654-07:00  INFO 26733 --- [deepshield] [nio-8080-exec-1] o.s.web.servlet.DispatcherServlet        : Completed initialization in 2 ms
Hibernate: 
    insert 
    into
        scan_jobs
        (completed_at, confidence_score, created_at, explanation, heatmap_base64, input_source, input_type, local_file_path, status, verdict, id) 
    values
        (?, ?, ?, ?, ?, ?, ?, ?, ?, ?, default)
Hibernate: 
    insert 
    into
        scan_jobs
        (completed_at, confidence_score, created_at, explanation, heatmap_base64, input_source, input_type, local_file_path, status, verdict, id) 
    values
        (?, ?, ?, ?, ?, ?, ?, ?, ?, ?, default)
Hibernate: 
    select
        sj1_0.id,
        sj1_0.completed_at,
        sj1_0.confidence_score,
        sj1_0.created_at,
        sj1_0.explanation,
        sj1_0.heatmap_base64,
        sj1_0.input_source,
        sj1_0.input_type,
        sj1_0.local_file_path,
        sj1_0.status,
        sj1_0.verdict 
    from
        scan_jobs sj1_0 
    order by
        sj1_0.created_at desc
Hibernate: 
    insert 
    into
        scan_jobs
        (completed_at, confidence_score, created_at, explanation, heatmap_base64, input_source, input_type, local_file_path, status, verdict, id) 
    values
        (?, ?, ?, ?, ?, ?, ?, ?, ?, ?, default)
Hibernate: 
    select
        sj1_0.id,
        sj1_0.completed_at,
        sj1_0.confidence_score,
        sj1_0.created_at,
        sj1_0.explanation,
        sj1_0.heatmap_base64,
        sj1_0.input_source,
        sj1_0.input_type,
        sj1_0.local_file_path,
        sj1_0.status,
        sj1_0.verdict 
    from
        scan_jobs sj1_0 
    where
        sj1_0.id=?
Hibernate: 
    select
        sj1_0.id,
        sj1_0.completed_at,
        sj1_0.confidence_score,
        sj1_0.created_at,
        sj1_0.explanation,
        sj1_0.heatmap_base64,
        sj1_0.input_source,
        sj1_0.input_type,
        sj1_0.local_file_path,
        sj1_0.status,
        sj1_0.verdict 
    from
        scan_jobs sj1_0 
    where
        sj1_0.id=?
Hibernate: 
    select
        sj1_0.id,
        sj1_0.completed_at,
        sj1_0.confidence_score,
        sj1_0.created_at,
        sj1_0.explanation,
        sj1_0.heatmap_base64,
        sj1_0.input_source,
        sj1_0.input_type,
        sj1_0.local_file_path,
        sj1_0.status,
        sj1_0.verdict 
    from
        scan_jobs sj1_0 
    where
        sj1_0.id=?
Hibernate: 
    select
        sj1_0.id,
        sj1_0.completed_at,
        sj1_0.confidence_score,
        sj1_0.created_at,
        sj1_0.explanation,
        sj1_0.heatmap_base64,
        sj1_0.input_source,
        sj1_0.input_type,
        sj1_0.local_file_path,
        sj1_0.status,
        sj1_0.verdict 
    from
        scan_jobs sj1_0 
    where
        sj1_0.id=?
Hibernate: 
    select
        sj1_0.id,
        sj1_0.completed_at,
        sj1_0.confidence_score,
        sj1_0.created_at,
        sj1_0.explanation,
        sj1_0.heatmap_base64,
        sj1_0.input_source,
        sj1_0.input_type,
        sj1_0.local_file_path,
        sj1_0.status,
        sj1_0.verdict 
    from
        scan_jobs sj1_0 
    where
        sj1_0.id=?
Hibernate: 
    select
        sj1_0.id,
        sj1_0.completed_at,
        sj1_0.confidence_score,
        sj1_0.created_at,
        sj1_0.explanation,
        sj1_0.heatmap_base64,
        sj1_0.input_source,
        sj1_0.input_type,
        sj1_0.local_file_path,
        sj1_0.status,
        sj1_0.verdict 
    from
        scan_jobs sj1_0 
    where
        sj1_0.id=?
Hibernate: 
    select
        sj1_0.id,
        sj1_0.completed_at,
        sj1_0.confidence_score,
        sj1_0.created_at,
        sj1_0.explanation,
        sj1_0.heatmap_base64,
        sj1_0.input_source,
        sj1_0.input_type,
        sj1_0.local_file_path,
        sj1_0.status,
        sj1_0.verdict 
    from
        scan_jobs sj1_0 
    where
        sj1_0.id=?
Hibernate: 
    select
        sj1_0.id,
        sj1_0.completed_at,
        sj1_0.confidence_score,
        sj1_0.created_at,
        sj1_0.explanation,
        sj1_0.heatmap_base64,
        sj1_0.input_source,
        sj1_0.input_type,
        sj1_0.local_file_path,
        sj1_0.status,
        sj1_0.verdict 
    from
        scan_jobs sj1_0 
    where
        sj1_0.id=?
Hibernate: 
    select
        sj1_0.id,
        sj1_0.completed_at,
        sj1_0.confidence_score,
        sj1_0.created_at,
        sj1_0.explanation,
        sj1_0.heatmap_base64,
        sj1_0.input_source,
        sj1_0.input_type,
        sj1_0.local_file_path,
        sj1_0.status,
        sj1_0.verdict 
    from
        scan_jobs sj1_0 
    where
        sj1_0.id=?
Hibernate: 
    select
        sj1_0.id,
        sj1_0.completed_at,
        sj1_0.confidence_score,
        sj1_0.created_at,
        sj1_0.explanation,
        sj1_0.heatmap_base64,
        sj1_0.input_source,
        sj1_0.input_type,
        sj1_0.local_file_path,
        sj1_0.status,
        sj1_0.verdict 
    from
        scan_jobs sj1_0 
    where
        sj1_0.id=?
Hibernate: 
    select
        sj1_0.id,
        sj1_0.completed_at,
        sj1_0.confidence_score,
        sj1_0.created_at,
        sj1_0.explanation,
        sj1_0.heatmap_base64,
        sj1_0.input_source,
        sj1_0.input_type,
        sj1_0.local_file_path,
        sj1_0.status,
        sj1_0.verdict 
    from
        scan_jobs sj1_0 
    where
        sj1_0.id=?
Hibernate: 
    select
        sj1_0.id,
        sj1_0.completed_at,
        sj1_0.confidence_score,
        sj1_0.created_at,
        sj1_0.explanation,
        sj1_0.heatmap_base64,
        sj1_0.input_source,
        sj1_0.input_type,
        sj1_0.local_file_path,
        sj1_0.status,
        sj1_0.verdict 
    from
        scan_jobs sj1_0 
    where
        sj1_0.id=?
Hibernate: 
    select
        sj1_0.id,
        sj1_0.completed_at,
        sj1_0.confidence_score,
        sj1_0.created_at,
        sj1_0.explanation,
        sj1_0.heatmap_base64,
        sj1_0.input_source,
        sj1_0.input_type,
        sj1_0.local_file_path,
        sj1_0.status,
        sj1_0.verdict 
    from
        scan_jobs sj1_0 
    where
        sj1_0.id=?
Hibernate: 
    select
        sj1_0.id,
        sj1_0.completed_at,
        sj1_0.confidence_score,
        sj1_0.created_at,
        sj1_0.explanation,
        sj1_0.heatmap_base64,
        sj1_0.input_source,
        sj1_0.input_type,
        sj1_0.local_file_path,
        sj1_0.status,
        sj1_0.verdict 
    from
        scan_jobs sj1_0 
    where
        sj1_0.id=?
Hibernate: 
    select
        sj1_0.id,
        sj1_0.completed_at,
        sj1_0.confidence_score,
        sj1_0.created_at,
        sj1_0.explanation,
        sj1_0.heatmap_base64,
        sj1_0.input_source,
        sj1_0.input_type,
        sj1_0.local_file_path,
        sj1_0.status,
        sj1_0.verdict 
    from
        scan_jobs sj1_0 
    where
        sj1_0.id=?
Hibernate: 
    select
        sj1_0.id,
        sj1_0.completed_at,
        sj1_0.confidence_score,
        sj1_0.created_at,
        sj1_0.explanation,
        sj1_0.heatmap_base64,
        sj1_0.input_source,
        sj1_0.input_type,
        sj1_0.local_file_path,
        sj1_0.status,
        sj1_0.verdict 
    from
        scan_jobs sj1_0 
    where
        sj1_0.id=?
Hibernate: 
    select
        sj1_0.id,
        sj1_0.completed_at,
        sj1_0.confidence_score,
        sj1_0.created_at,
        sj1_0.explanation,
        sj1_0.heatmap_base64,
        sj1_0.input_source,
        sj1_0.input_type,
        sj1_0.local_file_path,
        sj1_0.status,
        sj1_0.verdict 
    from
        scan_jobs sj1_0 
    where
        sj1_0.id=?
Hibernate: 
    select
        sj1_0.id,
        sj1_0.completed_at,
        sj1_0.confidence_score,
        sj1_0.created_at,
        sj1_0.explanation,
        sj1_0.heatmap_base64,
        sj1_0.input_source,
        sj1_0.input_type,
        sj1_0.local_file_path,
        sj1_0.status,
        sj1_0.verdict 
    from
        scan_jobs sj1_0 
    where
        sj1_0.id=?
Hibernate: 
    select
        sj1_0.id,
        sj1_0.completed_at,
        sj1_0.confidence_score,
        sj1_0.created_at,
        sj1_0.explanation,
        sj1_0.heatmap_base64,
        sj1_0.input_source,
        sj1_0.input_type,
        sj1_0.local_file_path,
        sj1_0.status,
        sj1_0.verdict 
    from
        scan_jobs sj1_0 
    where
        sj1_0.id=?
Hibernate: 
    select
        sj1_0.id,
        sj1_0.completed_at,
        sj1_0.confidence_score,
        sj1_0.created_at,
        sj1_0.explanation,
        sj1_0.heatmap_base64,
        sj1_0.input_source,
        sj1_0.input_type,
        sj1_0.local_file_path,
        sj1_0.status,
        sj1_0.verdict 
    from
        scan_jobs sj1_0 
    where
        sj1_0.id=?
Hibernate: 
    select
        sj1_0.id,
        sj1_0.completed_at,
        sj1_0.confidence_score,
        sj1_0.created_at,
        sj1_0.explanation,
        sj1_0.heatmap_base64,
        sj1_0.input_source,
        sj1_0.input_type,
        sj1_0.local_file_path,
        sj1_0.status,
        sj1_0.verdict 
    from
        scan_jobs sj1_0 
    where
        sj1_0.id=?
Hibernate: 
    select
        sj1_0.id,
        sj1_0.completed_at,
        sj1_0.confidence_score,
        sj1_0.created_at,
        sj1_0.explanation,
        sj1_0.heatmap_base64,
        sj1_0.input_source,
        sj1_0.input_type,
        sj1_0.local_file_path,
        sj1_0.status,
        sj1_0.verdict 
    from
        scan_jobs sj1_0 
    where
        sj1_0.id=?
Hibernate: 
    select
        sj1_0.id,
        sj1_0.completed_at,
        sj1_0.confidence_score,
        sj1_0.created_at,
        sj1_0.explanation,
        sj1_0.heatmap_base64,
        sj1_0.input_source,
        sj1_0.input_type,
        sj1_0.local_file_path,
        sj1_0.status,
        sj1_0.verdict 
    from
        scan_jobs sj1_0 
    where
        sj1_0.id=?
Hibernate: 
    select
        sj1_0.id,
        sj1_0.completed_at,
        sj1_0.confidence_score,
        sj1_0.created_at,
        sj1_0.explanation,
        sj1_0.heatmap_base64,
        sj1_0.input_source,
        sj1_0.input_type,
        sj1_0.local_file_path,
        sj1_0.status,
        sj1_0.verdict 
    from
        scan_jobs sj1_0 
    where
        sj1_0.id=?
Hibernate: 
    select
        sj1_0.id,
        sj1_0.completed_at,
        sj1_0.confidence_score,
        sj1_0.created_at,
        sj1_0.explanation,
        sj1_0.heatmap_base64,
        sj1_0.input_source,
        sj1_0.input_type,
        sj1_0.local_file_path,
        sj1_0.status,
        sj1_0.verdict 
    from
        scan_jobs sj1_0 
    where
        sj1_0.id=?
Hibernate: 
    select
        sj1_0.id,
        sj1_0.completed_at,
        sj1_0.confidence_score,
        sj1_0.created_at,
        sj1_0.explanation,
        sj1_0.heatmap_base64,
        sj1_0.input_source,
        sj1_0.input_type,
        sj1_0.local_file_path,
        sj1_0.status,
        sj1_0.verdict 
    from
        scan_jobs sj1_0 
    where
        sj1_0.id=?
Hibernate: 
    select
        sj1_0.id,
        sj1_0.completed_at,
        sj1_0.confidence_score,
        sj1_0.created_at,
        sj1_0.explanation,
        sj1_0.heatmap_base64,
        sj1_0.input_source,
        sj1_0.input_type,
        sj1_0.local_file_path,
        sj1_0.status,
        sj1_0.verdict 
    from
        scan_jobs sj1_0 
    where
        sj1_0.id=?
Hibernate: 
    select
        sj1_0.id,
        sj1_0.completed_at,
        sj1_0.confidence_score,
        sj1_0.created_at,
        sj1_0.explanation,
        sj1_0.heatmap_base64,
        sj1_0.input_source,
        sj1_0.input_type,
        sj1_0.local_file_path,
        sj1_0.status,
        sj1_0.verdict 
    from
        scan_jobs sj1_0 
    where
        sj1_0.id=?
Hibernate: 
    select
        sj1_0.id,
        sj1_0.completed_at,
        sj1_0.confidence_score,
        sj1_0.created_at,
        sj1_0.explanation,
        sj1_0.heatmap_base64,
        sj1_0.input_source,
        sj1_0.input_type,
        sj1_0.local_file_path,
        sj1_0.status,
        sj1_0.verdict 
    from
        scan_jobs sj1_0 
    where
        sj1_0.id=?
Hibernate: 
    select
        sj1_0.id,
        sj1_0.completed_at,
        sj1_0.confidence_score,
        sj1_0.created_at,
        sj1_0.explanation,
        sj1_0.heatmap_base64,
        sj1_0.input_source,
        sj1_0.input_type,
        sj1_0.local_file_path,
        sj1_0.status,
        sj1_0.verdict 
    from
        scan_jobs sj1_0 
    where
        sj1_0.id=?
Hibernate: 
    select
        sj1_0.id,
        sj1_0.completed_at,
        sj1_0.confidence_score,
        sj1_0.created_at,
        sj1_0.explanation,
        sj1_0.heatmap_base64,
        sj1_0.input_source,
        sj1_0.input_type,
        sj1_0.local_file_path,
        sj1_0.status,
        sj1_0.verdict 
    from
        scan_jobs sj1_0 
    where
        sj1_0.id=?
Hibernate: 
    select
        sj1_0.id,
        sj1_0.completed_at,
        sj1_0.confidence_score,
        sj1_0.created_at,
        sj1_0.explanation,
        sj1_0.heatmap_base64,
        sj1_0.input_source,
        sj1_0.input_type,
        sj1_0.local_file_path,
        sj1_0.status,
        sj1_0.verdict 
    from
        scan_jobs sj1_0 
    where
        sj1_0.id=?
Hibernate: 
    select
        sj1_0.id,
        sj1_0.completed_at,
        sj1_0.confidence_score,
        sj1_0.created_at,
        sj1_0.explanation,
        sj1_0.heatmap_base64,
        sj1_0.input_source,
        sj1_0.input_type,
        sj1_0.local_file_path,
        sj1_0.status,
        sj1_0.verdict 
    from
        scan_jobs sj1_0 
    where
        sj1_0.id=?
Hibernate: 
    select
        sj1_0.id,
        sj1_0.completed_at,
        sj1_0.confidence_score,
        sj1_0.created_at,
        sj1_0.explanation,
        sj1_0.heatmap_base64,
        sj1_0.input_source,
        sj1_0.input_type,
        sj1_0.local_file_path,
        sj1_0.status,
        sj1_0.verdict 
    from
        scan_jobs sj1_0 
    where
        sj1_0.id=?
Hibernate: 
    select
        sj1_0.id,
        sj1_0.completed_at,
        sj1_0.confidence_score,
        sj1_0.created_at,
        sj1_0.explanation,
        sj1_0.heatmap_base64,
        sj1_0.input_source,
        sj1_0.input_type,
        sj1_0.local_file_path,
        sj1_0.status,
        sj1_0.verdict 
    from
        scan_jobs sj1_0 
    where
        sj1_0.id=?
Hibernate: 
    select
        sj1_0.id,
        sj1_0.completed_at,
        sj1_0.confidence_score,
        sj1_0.created_at,
        sj1_0.explanation,
        sj1_0.heatmap_base64,
        sj1_0.input_source,
        sj1_0.input_type,
        sj1_0.local_file_path,
        sj1_0.status,
        sj1_0.verdict 
    from
        scan_jobs sj1_0 
    where
        sj1_0.id=?
Hibernate: 
    select
        sj1_0.id,
        sj1_0.completed_at,
        sj1_0.confidence_score,
        sj1_0.created_at,
        sj1_0.explanation,
        sj1_0.heatmap_base64,
        sj1_0.input_source,
        sj1_0.input_type,
        sj1_0.local_file_path,
        sj1_0.status,
        sj1_0.verdict 
    from
        scan_jobs sj1_0 
    where
        sj1_0.id=?
Hibernate: 
    select
        sj1_0.id,
        sj1_0.completed_at,
        sj1_0.confidence_score,
        sj1_0.created_at,
        sj1_0.explanation,
        sj1_0.heatmap_base64,
        sj1_0.input_source,
        sj1_0.input_type,
        sj1_0.local_file_path,
        sj1_0.status,
        sj1_0.verdict 
    from
        scan_jobs sj1_0 
    where
        sj1_0.id=?
Hibernate: 
    select
        sj1_0.id,
        sj1_0.completed_at,
        sj1_0.confidence_score,
        sj1_0.created_at,
        sj1_0.explanation,
        sj1_0.heatmap_base64,
        sj1_0.input_source,
        sj1_0.input_type,
        sj1_0.local_file_path,
        sj1_0.status,
        sj1_0.verdict 
    from
        scan_jobs sj1_0 
    where
        sj1_0.id=?
Hibernate: 
    select
        sj1_0.id,
        sj1_0.completed_at,
        sj1_0.confidence_score,
        sj1_0.created_at,
        sj1_0.explanation,
        sj1_0.heatmap_base64,
        sj1_0.input_source,
        sj1_0.input_type,
        sj1_0.local_file_path,
        sj1_0.status,
        sj1_0.verdict 
    from
        scan_jobs sj1_0 
    where
        sj1_0.id=?
Hibernate: 
    select
        sj1_0.id,
        sj1_0.completed_at,
        sj1_0.confidence_score,
        sj1_0.created_at,
        sj1_0.explanation,
        sj1_0.heatmap_base64,
        sj1_0.input_source,
        sj1_0.input_type,
        sj1_0.local_file_path,
        sj1_0.status,
        sj1_0.verdict 
    from
        scan_jobs sj1_0 
    where
        sj1_0.id=?
Hibernate: 
    select
        sj1_0.id,
        sj1_0.completed_at,
        sj1_0.confidence_score,
        sj1_0.created_at,
        sj1_0.explanation,
        sj1_0.heatmap_base64,
        sj1_0.input_source,
        sj1_0.input_type,
        sj1_0.local_file_path,
        sj1_0.status,
        sj1_0.verdict 
    from
        scan_jobs sj1_0 
    where
        sj1_0.id=?
Hibernate: 
    select
        sj1_0.id,
        sj1_0.completed_at,
        sj1_0.confidence_score,
        sj1_0.created_at,
        sj1_0.explanation,
        sj1_0.heatmap_base64,
        sj1_0.input_source,
        sj1_0.input_type,
        sj1_0.local_file_path,
        sj1_0.status,
        sj1_0.verdict 
    from
        scan_jobs sj1_0 
    where
        sj1_0.id=?
Hibernate: 
    select
        sj1_0.id,
        sj1_0.completed_at,
        sj1_0.confidence_score,
        sj1_0.created_at,
        sj1_0.explanation,
        sj1_0.heatmap_base64,
        sj1_0.input_source,
        sj1_0.input_type,
        sj1_0.local_file_path,
        sj1_0.status,
        sj1_0.verdict 
    from
        scan_jobs sj1_0 
    where
        sj1_0.id=?
Hibernate: 
    select
        sj1_0.id,
        sj1_0.completed_at,
        sj1_0.confidence_score,
        sj1_0.created_at,
        sj1_0.explanation,
        sj1_0.heatmap_base64,
        sj1_0.input_source,
        sj1_0.input_type,
        sj1_0.local_file_path,
        sj1_0.status,
        sj1_0.verdict 
    from
        scan_jobs sj1_0 
    where
        sj1_0.id=?
Hibernate: 
    select
        sj1_0.id,
        sj1_0.completed_at,
        sj1_0.confidence_score,
        sj1_0.created_at,
        sj1_0.explanation,
        sj1_0.heatmap_base64,
        sj1_0.input_source,
        sj1_0.input_type,
        sj1_0.local_file_path,
        sj1_0.status,
        sj1_0.verdict 
    from
        scan_jobs sj1_0 
    where
        sj1_0.id=?
Hibernate: 
    select
        sj1_0.id,
        sj1_0.completed_at,
        sj1_0.confidence_score,
        sj1_0.created_at,
        sj1_0.explanation,
        sj1_0.heatmap_base64,
        sj1_0.input_source,
        sj1_0.input_type,
        sj1_0.local_file_path,
        sj1_0.status,
        sj1_0.verdict 
    from
        scan_jobs sj1_0 
    where
        sj1_0.id=?
Hibernate: 
    select
        sj1_0.id,
        sj1_0.completed_at,
        sj1_0.confidence_score,
        sj1_0.created_at,
        sj1_0.explanation,
        sj1_0.heatmap_base64,
        sj1_0.input_source,
        sj1_0.input_type,
        sj1_0.local_file_path,
        sj1_0.status,
        sj1_0.verdict 
    from
        scan_jobs sj1_0 
    where
        sj1_0.id=?
Hibernate: 
    select
        sj1_0.id,
        sj1_0.completed_at,
        sj1_0.confidence_score,
        sj1_0.created_at,
        sj1_0.explanation,
        sj1_0.heatmap_base64,
        sj1_0.input_source,
        sj1_0.input_type,
        sj1_0.local_file_path,
        sj1_0.status,
        sj1_0.verdict 
    from
        scan_jobs sj1_0 
    where
        sj1_0.id=?
Hibernate: 
    select
        sj1_0.id,
        sj1_0.completed_at,
        sj1_0.confidence_score,
        sj1_0.created_at,
        sj1_0.explanation,
        sj1_0.heatmap_base64,
        sj1_0.input_source,
        sj1_0.input_type,
        sj1_0.local_file_path,
        sj1_0.status,
        sj1_0.verdict 
    from
        scan_jobs sj1_0 
    where
        sj1_0.id=?
Hibernate: 
    select
        sj1_0.id,
        sj1_0.completed_at,
        sj1_0.confidence_score,
        sj1_0.created_at,
        sj1_0.explanation,
        sj1_0.heatmap_base64,
        sj1_0.input_source,
        sj1_0.input_type,
        sj1_0.local_file_path,
        sj1_0.status,
        sj1_0.verdict 
    from
        scan_jobs sj1_0 
    where
        sj1_0.id=?
Hibernate: 
    select
        sj1_0.id,
        sj1_0.completed_at,
        sj1_0.confidence_score,
        sj1_0.created_at,
        sj1_0.explanation,
        sj1_0.heatmap_base64,
        sj1_0.input_source,
        sj1_0.input_type,
        sj1_0.local_file_path,
        sj1_0.status,
        sj1_0.verdict 
    from
        scan_jobs sj1_0 
    where
        sj1_0.id=?
Hibernate: 
    select
        sj1_0.id,
        sj1_0.completed_at,
        sj1_0.confidence_score,
        sj1_0.created_at,
        sj1_0.explanation,
        sj1_0.heatmap_base64,
        sj1_0.input_source,
        sj1_0.input_type,
        sj1_0.local_file_path,
        sj1_0.status,
        sj1_0.verdict 
    from
        scan_jobs sj1_0 
    where
        sj1_0.id=?
Hibernate: 
    select
        sj1_0.id,
        sj1_0.completed_at,
        sj1_0.confidence_score,
        sj1_0.created_at,
        sj1_0.explanation,
        sj1_0.heatmap_base64,
        sj1_0.input_source,
        sj1_0.input_type,
        sj1_0.local_file_path,
        sj1_0.status,
        sj1_0.verdict 
    from
        scan_jobs sj1_0 
    where
        sj1_0.id=?
Hibernate: 
    select
        sj1_0.id,
        sj1_0.completed_at,
        sj1_0.confidence_score,
        sj1_0.created_at,
        sj1_0.explanation,
        sj1_0.heatmap_base64,
        sj1_0.input_source,
        sj1_0.input_type,
        sj1_0.local_file_path,
        sj1_0.status,
        sj1_0.verdict 
    from
        scan_jobs sj1_0 
    where
        sj1_0.id=?
Hibernate: 
    select
        sj1_0.id,
        sj1_0.completed_at,
        sj1_0.confidence_score,
        sj1_0.created_at,
        sj1_0.explanation,
        sj1_0.heatmap_base64,
        sj1_0.input_source,
        sj1_0.input_type,
        sj1_0.local_file_path,
        sj1_0.status,
        sj1_0.verdict 
    from
        scan_jobs sj1_0 
    where
        sj1_0.id=?
Hibernate: 
    select
        sj1_0.id,
        sj1_0.completed_at,
        sj1_0.confidence_score,
        sj1_0.created_at,
        sj1_0.explanation,
        sj1_0.heatmap_base64,
        sj1_0.input_source,
        sj1_0.input_type,
        sj1_0.local_file_path,
        sj1_0.status,
        sj1_0.verdict 
    from
        scan_jobs sj1_0 
    where
        sj1_0.id=?
Hibernate: 
    select
        sj1_0.id,
        sj1_0.completed_at,
        sj1_0.confidence_score,
        sj1_0.created_at,
        sj1_0.explanation,
        sj1_0.heatmap_base64,
        sj1_0.input_source,
        sj1_0.input_type,
        sj1_0.local_file_path,
        sj1_0.status,
        sj1_0.verdict 
    from
        scan_jobs sj1_0 
    where
        sj1_0.id=?
Hibernate: 
    select
        sj1_0.id,
        sj1_0.completed_at,
        sj1_0.confidence_score,
        sj1_0.created_at,
        sj1_0.explanation,
        sj1_0.heatmap_base64,
        sj1_0.input_source,
        sj1_0.input_type,
        sj1_0.local_file_path,
        sj1_0.status,
        sj1_0.verdict 
    from
        scan_jobs sj1_0 
    where
        sj1_0.id=?
Hibernate: 
    select
        sj1_0.id,
        sj1_0.completed_at,
        sj1_0.confidence_score,
        sj1_0.created_at,
        sj1_0.explanation,
        sj1_0.heatmap_base64,
        sj1_0.input_source,
        sj1_0.input_type,
        sj1_0.local_file_path,
        sj1_0.status,
        sj1_0.verdict 
    from
        scan_jobs sj1_0 
    where
        sj1_0.id=?
2026-03-27T14:37:13.322-07:00  INFO 26733 --- [deepshield] [ionShutdownHook] o.s.boot.tomcat.GracefulShutdown         : Commencing graceful shutdown. Waiting for active requests to complete
2026-03-27T14:37:13.411-07:00  INFO 26733 --- [deepshield] [tomcat-shutdown] o.s.boot.tomcat.GracefulShutdown         : Graceful shutdown complete
2026-03-27T14:37:13.441-07:00  INFO 26733 --- [deepshield] [ionShutdownHook] j.LocalContainerEntityManagerFactoryBean : Closing JPA EntityManagerFactory for persistence unit 'default'
2026-03-27T14:37:13.466-07:00  INFO 26733 --- [deepshield] [ionShutdownHook] com.zaxxer.hikari.HikariDataSource       : HikariPool-1 - Shutdown initiated...
2026-03-27T14:37:13.492-07:00  INFO 26733 --- [deepshield] [ionShutdownHook] com.zaxxer.hikari.HikariDataSource       : HikariPool-1 - Shutdown completed.
